The system is: Linux - 3.10.0-1160.80.1.el7.x86_64 - x86_64
Compiling the C compiler identification source file "CMakeCCompilerId.c" succeeded.
Compiler: /l/javeser/micromamba/bin/x86_64-conda-linux-gnu-cc 
Build flags: 
Id flags:  

The output was:
0


Compilation of the C compiler identification source "CMakeCCompilerId.c" produced "a.out"

The C compiler identification is GNU, found in "/l/javeser/bdt_notebooks/build/CMakeFiles/3.19.4/CompilerIdC/a.out"

Compiling the CXX compiler identification source file "CMakeCXXCompilerId.cpp" succeeded.
Compiler: /l/javeser/micromamba/bin/x86_64-conda-linux-gnu-c++ 
Build flags: 
Id flags:  

The output was:
0


Compilation of the CXX compiler identification source "CMakeCXXCompilerId.cpp" produced "a.out"

The CXX compiler identification is GNU, found in "/l/javeser/bdt_notebooks/build/CMakeFiles/3.19.4/CompilerIdCXX/a.out"

Detecting C compiler ABI info compiled with the following output:
Change Dir: /l/javeser/bdt_notebooks/build/CMakeFiles/CMakeTmp

Run Build Command(s):/cvmfs/lhcb.cern.ch/lib/var/lib/LbEnv/3149/stable/linux-64/bin/ninja cmTC_2cc58 && [1/2] Building C object CMakeFiles/cmTC_2cc58.dir/CMakeCCompilerABI.c.o
Reading specs from /l/javeser/micromamba/bin/../lib/gcc/x86_64-conda-linux-gnu/12.3.0/specs
could not find specs file conda.specs
COLLECT_GCC=/l/javeser/micromamba/bin/x86_64-conda-linux-gnu-cc
Target: x86_64-conda-linux-gnu
Configured with: ../configure --prefix=/home/conda/feedstock_root/build_artifacts/gcc_compilers_1715013812730/_h_env_placehold_placehold_placehold_placehold_placehold_placehold_placehold_placehold_placehold_placehold_placehold_placehold_placehold_placehold_placehold_placehold_placehold_placeho --with-slibdir=/home/conda/feedstock_root/build_artifacts/gcc_compilers_1715013812730/_h_env_placehold_placehold_placehold_placehold_placehold_placehold_placehold_placehold_placehold_placehold_placehold_placehold_placehold_placehold_placehold_placehold_placehold_placeho/lib --libdir=/home/conda/feedstock_root/build_artifacts/gcc_compilers_1715013812730/_h_env_placehold_placehold_placehold_placehold_placehold_placehold_placehold_placehold_placehold_placehold_placehold_placehold_placehold_placehold_placehold_placehold_placehold_placeho/lib --mandir=/home/conda/feedstock_root/build_artifacts/gcc_compilers_1715013812730/_h_env_placehold_placehold_placehold_placehold_placehold_placehold_placehold_placehold_placehold_placehold_placehold_placehold_placehold_placehold_placehold_placehold_placehold_placeho/man --build=x86_64-conda-linux-gnu --host=x86_64-conda-linux-gnu --target=x86_64-conda-linux-gnu --enable-default-pie --enable-languages=c,c++,fortran,objc,obj-c++ --enable-__cxa_atexit --disable-libmudflap --enable-libgomp --disable-libssp --enable-libquadmath --enable-libquadmath-support --enable-libsanitizer --enable-lto --enable-threads=posix --enable-target-optspace --enable-plugin --enable-gold --disable-nls --disable-bootstrap --disable-multilib --enable-long-long --with-sysroot=/home/conda/feedstock_root/build_artifacts/gcc_compilers_1715013812730/_h_env_placehold_placehold_placehold_placehold_placehold_placehold_placehold_placehold_placehold_placehold_placehold_placehold_placehold_placehold_placehold_placehold_placehold_placeho/x86_64-conda-linux-gnu/sysroot --with-build-sysroot=/home/conda/feedstock_root/build_artifacts/gcc_compilers_1715013812730/_h_env_placehold_placehold_placehold_placehold_placehold_placehold_placehold_placehold_placehold_placehold_placehold_placehold_placehold_placehold_placehold_placehold_placehold_placeho/x86_64-conda-linux-gnu/sysroot --with-gxx-include-dir=/home/conda/feedstock_root/build_artifacts/gcc_compilers_1715013812730/_h_env_placehold_placehold_placehold_placehold_placehold_placehold_placehold_placehold_placehold_placehold_placehold_placehold_placehold_placehold_placehold_placehold_placehold_placeho/x86_64-conda-linux-gnu/include/c++/12.3.0 --with-pkgversion='conda-forge gcc 12.3.0-7' --with-bugurl=https://github.com/conda-forge/ctng-compilers-feedstock/issues/new/choose
Thread model: posix
Supported LTO compression algorithms: zlib
gcc version 12.3.0 (conda-forge gcc 12.3.0-7) 
COLLECT_GCC_OPTIONS='-v' '-o' 'CMakeFiles/cmTC_2cc58.dir/CMakeCCompilerABI.c.o' '-c' '-mtune=generic' '-march=x86-64' '-dumpdir' 'CMakeFiles/cmTC_2cc58.dir/'
 /l/javeser/micromamba/bin/../libexec/gcc/x86_64-conda-linux-gnu/12.3.0/cc1 -quiet -v -iprefix /l/javeser/micromamba/bin/../lib/gcc/x86_64-conda-linux-gnu/12.3.0/ -isysroot /l/javeser/micromamba/bin/../x86_64-conda-linux-gnu/sysroot /cvmfs/lhcb.cern.ch/lib/var/lib/LbEnv/3149/stable/linux-64/share/cmake-3.19/Modules/CMakeCCompilerABI.c -quiet -dumpdir CMakeFiles/cmTC_2cc58.dir/ -dumpbase CMakeCCompilerABI.c.c -dumpbase-ext .c -mtune=generic -march=x86-64 -version -o /tmp/javeser/ccKs7QFC.s
GNU C17 (conda-forge gcc 12.3.0-7) version 12.3.0 (x86_64-conda-linux-gnu)
	compiled by GNU C version 13.2.0, GMP version 6.2.1, MPFR version 4.1.0, MPC version 1.2.1, isl version isl-0.24-GMP

GGC heuristics: --param ggc-min-expand=100 --param ggc-min-heapsize=131072
ignoring duplicate directory "/l/javeser/micromamba/bin/../lib/gcc/../../lib/gcc/x86_64-conda-linux-gnu/12.3.0/include"
ignoring nonexistent directory "/l/javeser/micromamba/bin/../x86_64-conda-linux-gnu/sysroot/usr/local/include"
ignoring duplicate directory "/l/javeser/micromamba/bin/../lib/gcc/../../lib/gcc/x86_64-conda-linux-gnu/12.3.0/include-fixed"
ignoring duplicate directory "/l/javeser/micromamba/bin/../lib/gcc/../../lib/gcc/x86_64-conda-linux-gnu/12.3.0/../../../../x86_64-conda-linux-gnu/include"
#include "..." search starts here:
#include <...> search starts here:
 /l/javeser/micromamba/bin/../lib/gcc/x86_64-conda-linux-gnu/12.3.0/include
 /l/javeser/micromamba/bin/../lib/gcc/x86_64-conda-linux-gnu/12.3.0/include-fixed
 /l/javeser/micromamba/bin/../lib/gcc/x86_64-conda-linux-gnu/12.3.0/../../../../x86_64-conda-linux-gnu/include
 /l/javeser/micromamba/bin/../x86_64-conda-linux-gnu/sysroot/usr/include
End of search list.
GNU C17 (conda-forge gcc 12.3.0-7) version 12.3.0 (x86_64-conda-linux-gnu)
	compiled by GNU C version 13.2.0, GMP version 6.2.1, MPFR version 4.1.0, MPC version 1.2.1, isl version isl-0.24-GMP

GGC heuristics: --param ggc-min-expand=100 --param ggc-min-heapsize=131072
Compiler executable checksum: 8baa67e68f618f3403d40a3a5efe3080
COLLECT_GCC_OPTIONS='-v' '-o' 'CMakeFiles/cmTC_2cc58.dir/CMakeCCompilerABI.c.o' '-c' '-mtune=generic' '-march=x86-64' '-dumpdir' 'CMakeFiles/cmTC_2cc58.dir/'
 /l/javeser/micromamba/bin/../lib/gcc/x86_64-conda-linux-gnu/12.3.0/../../../../x86_64-conda-linux-gnu/bin/as -v --64 -o CMakeFiles/cmTC_2cc58.dir/CMakeCCompilerABI.c.o /tmp/javeser/ccKs7QFC.s
GNU assembler version 2.40 (x86_64-conda-linux-gnu) using BFD version (GNU Binutils) 2.40
COMPILER_PATH=/l/javeser/micromamba/bin/../libexec/gcc/x86_64-conda-linux-gnu/12.3.0/:/l/javeser/micromamba/bin/../libexec/gcc/:/l/javeser/micromamba/bin/../lib/gcc/x86_64-conda-linux-gnu/12.3.0/../../../../x86_64-conda-linux-gnu/bin/
LIBRARY_PATH=/l/javeser/micromamba/bin/../lib/gcc/x86_64-conda-linux-gnu/12.3.0/:/l/javeser/micromamba/bin/../lib/gcc/:/l/javeser/micromamba/bin/../lib/gcc/x86_64-conda-linux-gnu/12.3.0/../../../../x86_64-conda-linux-gnu/lib/../lib/:/l/javeser/micromamba/bin/../lib/gcc/x86_64-conda-linux-gnu/12.3.0/../../../../lib/:/l/javeser/micromamba/bin/../x86_64-conda-linux-gnu/sysroot/lib/../lib/:/l/javeser/micromamba/bin/../x86_64-conda-linux-gnu/sysroot/usr/lib/../lib/:/l/javeser/micromamba/bin/../lib/gcc/x86_64-conda-linux-gnu/12.3.0/../../../../x86_64-conda-linux-gnu/lib/:/l/javeser/micromamba/bin/../lib/gcc/x86_64-conda-linux-gnu/12.3.0/../../../:/l/javeser/micromamba/bin/../x86_64-conda-linux-gnu/sysroot/lib/:/l/javeser/micromamba/bin/../x86_64-conda-linux-gnu/sysroot/usr/lib/
COLLECT_GCC_OPTIONS='-v' '-o' 'CMakeFiles/cmTC_2cc58.dir/CMakeCCompilerABI.c.o' '-c' '-mtune=generic' '-march=x86-64' '-dumpdir' 'CMakeFiles/cmTC_2cc58.dir/CMakeCCompilerABI.c.'
[2/2] Linking C executable cmTC_2cc58
Reading specs from /l/javeser/micromamba/bin/../lib/gcc/x86_64-conda-linux-gnu/12.3.0/specs
could not find specs file conda.specs
COLLECT_GCC=/l/javeser/micromamba/bin/x86_64-conda-linux-gnu-cc
COLLECT_LTO_WRAPPER=/l/javeser/micromamba/bin/../libexec/gcc/x86_64-conda-linux-gnu/12.3.0/lto-wrapper
Target: x86_64-conda-linux-gnu
Configured with: ../configure --prefix=/home/conda/feedstock_root/build_artifacts/gcc_compilers_1715013812730/_h_env_placehold_placehold_placehold_placehold_placehold_placehold_placehold_placehold_placehold_placehold_placehold_placehold_placehold_placehold_placehold_placehold_placehold_placeho --with-slibdir=/home/conda/feedstock_root/build_artifacts/gcc_compilers_1715013812730/_h_env_placehold_placehold_placehold_placehold_placehold_placehold_placehold_placehold_placehold_placehold_placehold_placehold_placehold_placehold_placehold_placehold_placehold_placeho/lib --libdir=/home/conda/feedstock_root/build_artifacts/gcc_compilers_1715013812730/_h_env_placehold_placehold_placehold_placehold_placehold_placehold_placehold_placehold_placehold_placehold_placehold_placehold_placehold_placehold_placehold_placehold_placehold_placeho/lib --mandir=/home/conda/feedstock_root/build_artifacts/gcc_compilers_1715013812730/_h_env_placehold_placehold_placehold_placehold_placehold_placehold_placehold_placehold_placehold_placehold_placehold_placehold_placehold_placehold_placehold_placehold_placehold_placeho/man --build=x86_64-conda-linux-gnu --host=x86_64-conda-linux-gnu --target=x86_64-conda-linux-gnu --enable-default-pie --enable-languages=c,c++,fortran,objc,obj-c++ --enable-__cxa_atexit --disable-libmudflap --enable-libgomp --disable-libssp --enable-libquadmath --enable-libquadmath-support --enable-libsanitizer --enable-lto --enable-threads=posix --enable-target-optspace --enable-plugin --enable-gold --disable-nls --disable-bootstrap --disable-multilib --enable-long-long --with-sysroot=/home/conda/feedstock_root/build_artifacts/gcc_compilers_1715013812730/_h_env_placehold_placehold_placehold_placehold_placehold_placehold_placehold_placehold_placehold_placehold_placehold_placehold_placehold_placehold_placehold_placehold_placehold_placeho/x86_64-conda-linux-gnu/sysroot --with-build-sysroot=/home/conda/feedstock_root/build_artifacts/gcc_compilers_1715013812730/_h_env_placehold_placehold_placehold_placehold_placehold_placehold_placehold_placehold_placehold_placehold_placehold_placehold_placehold_placehold_placehold_placehold_placehold_placeho/x86_64-conda-linux-gnu/sysroot --with-gxx-include-dir=/home/conda/feedstock_root/build_artifacts/gcc_compilers_1715013812730/_h_env_placehold_placehold_placehold_placehold_placehold_placehold_placehold_placehold_placehold_placehold_placehold_placehold_placehold_placehold_placehold_placehold_placehold_placeho/x86_64-conda-linux-gnu/include/c++/12.3.0 --with-pkgversion='conda-forge gcc 12.3.0-7' --with-bugurl=https://github.com/conda-forge/ctng-compilers-feedstock/issues/new/choose
Thread model: posix
Supported LTO compression algorithms: zlib
gcc version 12.3.0 (conda-forge gcc 12.3.0-7) 
COMPILER_PATH=/l/javeser/micromamba/bin/../libexec/gcc/x86_64-conda-linux-gnu/12.3.0/:/l/javeser/micromamba/bin/../libexec/gcc/:/l/javeser/micromamba/bin/../lib/gcc/x86_64-conda-linux-gnu/12.3.0/../../../../x86_64-conda-linux-gnu/bin/
LIBRARY_PATH=/l/javeser/micromamba/bin/../lib/gcc/x86_64-conda-linux-gnu/12.3.0/:/l/javeser/micromamba/bin/../lib/gcc/:/l/javeser/micromamba/bin/../lib/gcc/x86_64-conda-linux-gnu/12.3.0/../../../../x86_64-conda-linux-gnu/lib/../lib/:/l/javeser/micromamba/bin/../lib/gcc/x86_64-conda-linux-gnu/12.3.0/../../../../lib/:/l/javeser/micromamba/bin/../x86_64-conda-linux-gnu/sysroot/lib/../lib/:/l/javeser/micromamba/bin/../x86_64-conda-linux-gnu/sysroot/usr/lib/../lib/:/l/javeser/micromamba/bin/../lib/gcc/x86_64-conda-linux-gnu/12.3.0/../../../../x86_64-conda-linux-gnu/lib/:/l/javeser/micromamba/bin/../lib/gcc/x86_64-conda-linux-gnu/12.3.0/../../../:/l/javeser/micromamba/bin/../x86_64-conda-linux-gnu/sysroot/lib/:/l/javeser/micromamba/bin/../x86_64-conda-linux-gnu/sysroot/usr/lib/
COLLECT_GCC_OPTIONS='-L/l/javeser/micromamba/lib' '-v' '-o' 'cmTC_2cc58' '-mtune=generic' '-march=x86-64' '-dumpdir' 'cmTC_2cc58.'
 /l/javeser/micromamba/bin/../libexec/gcc/x86_64-conda-linux-gnu/12.3.0/collect2 -plugin /l/javeser/micromamba/bin/../libexec/gcc/x86_64-conda-linux-gnu/12.3.0/liblto_plugin.so -plugin-opt=/l/javeser/micromamba/bin/../libexec/gcc/x86_64-conda-linux-gnu/12.3.0/lto-wrapper -plugin-opt=-fresolution=/tmp/javeser/cc8ykukE.res -plugin-opt=-pass-through=-lgcc -plugin-opt=-pass-through=-lgcc_s -plugin-opt=-pass-through=-lc -plugin-opt=-pass-through=-lgcc -plugin-opt=-pass-through=-lgcc_s --sysroot=/l/javeser/micromamba/bin/../x86_64-conda-linux-gnu/sysroot --eh-frame-hdr -m elf_x86_64 -dynamic-linker /lib64/ld-linux-x86-64.so.2 -pie -o cmTC_2cc58 /l/javeser/micromamba/bin/../x86_64-conda-linux-gnu/sysroot/usr/lib/../lib/Scrt1.o /l/javeser/micromamba/bin/../x86_64-conda-linux-gnu/sysroot/usr/lib/../lib/crti.o /l/javeser/micromamba/bin/../lib/gcc/x86_64-conda-linux-gnu/12.3.0/crtbeginS.o -L/l/javeser/micromamba/lib -L/l/javeser/micromamba/bin/../lib/gcc/x86_64-conda-linux-gnu/12.3.0 -L/l/javeser/micromamba/bin/../lib/gcc -L/l/javeser/micromamba/bin/../lib/gcc/x86_64-conda-linux-gnu/12.3.0/../../../../x86_64-conda-linux-gnu/lib/../lib -L/l/javeser/micromamba/bin/../lib/gcc/x86_64-conda-linux-gnu/12.3.0/../../../../lib -L/l/javeser/micromamba/bin/../x86_64-conda-linux-gnu/sysroot/lib/../lib -L/l/javeser/micromamba/bin/../x86_64-conda-linux-gnu/sysroot/usr/lib/../lib -L/l/javeser/micromamba/bin/../lib/gcc/x86_64-conda-linux-gnu/12.3.0/../../../../x86_64-conda-linux-gnu/lib -L/l/javeser/micromamba/bin/../lib/gcc/x86_64-conda-linux-gnu/12.3.0/../../.. -L/l/javeser/micromamba/bin/../x86_64-conda-linux-gnu/sysroot/lib -L/l/javeser/micromamba/bin/../x86_64-conda-linux-gnu/sysroot/usr/lib -O2 --sort-common --as-needed -z relro -z now --disable-new-dtags --gc-sections --allow-shlib-undefined -rpath /l/javeser/micromamba/lib -rpath-link /l/javeser/micromamba/lib CMakeFiles/cmTC_2cc58.dir/CMakeCCompilerABI.c.o -lgcc --push-state --as-needed -lgcc_s --pop-state -lc -lgcc --push-state --as-needed -lgcc_s --pop-state /l/javeser/micromamba/bin/../lib/gcc/x86_64-conda-linux-gnu/12.3.0/crtendS.o /l/javeser/micromamba/bin/../x86_64-conda-linux-gnu/sysroot/usr/lib/../lib/crtn.o -rpath /l/javeser/micromamba/lib
COLLECT_GCC_OPTIONS='-L/l/javeser/micromamba/lib' '-v' '-o' 'cmTC_2cc58' '-mtune=generic' '-march=x86-64' '-dumpdir' 'cmTC_2cc58.'



Parsed C implicit include dir info from above output: rv=done
  found start of include info
  found start of implicit include info
    add: [/l/javeser/micromamba/bin/../lib/gcc/x86_64-conda-linux-gnu/12.3.0/include]
    add: [/l/javeser/micromamba/bin/../lib/gcc/x86_64-conda-linux-gnu/12.3.0/include-fixed]
    add: [/l/javeser/micromamba/bin/../lib/gcc/x86_64-conda-linux-gnu/12.3.0/../../../../x86_64-conda-linux-gnu/include]
    add: [/l/javeser/micromamba/bin/../x86_64-conda-linux-gnu/sysroot/usr/include]
  end of search list found
  collapse include dir [/l/javeser/micromamba/bin/../lib/gcc/x86_64-conda-linux-gnu/12.3.0/include] ==> [/l/javeser/micromamba/lib/gcc/x86_64-conda-linux-gnu/12.3.0/include]
  collapse include dir [/l/javeser/micromamba/bin/../lib/gcc/x86_64-conda-linux-gnu/12.3.0/include-fixed] ==> [/l/javeser/micromamba/lib/gcc/x86_64-conda-linux-gnu/12.3.0/include-fixed]
  collapse include dir [/l/javeser/micromamba/bin/../lib/gcc/x86_64-conda-linux-gnu/12.3.0/../../../../x86_64-conda-linux-gnu/include] ==> [/l/javeser/micromamba/x86_64-conda-linux-gnu/include]
  collapse include dir [/l/javeser/micromamba/bin/../x86_64-conda-linux-gnu/sysroot/usr/include] ==> [/l/javeser/micromamba/x86_64-conda-linux-gnu/sysroot/usr/include]
  implicit include dirs: [/l/javeser/micromamba/lib/gcc/x86_64-conda-linux-gnu/12.3.0/include;/l/javeser/micromamba/lib/gcc/x86_64-conda-linux-gnu/12.3.0/include-fixed;/l/javeser/micromamba/x86_64-conda-linux-gnu/include;/l/javeser/micromamba/x86_64-conda-linux-gnu/sysroot/usr/include]


Parsed C implicit link information from above output:
  link line regex: [^( *|.*[/\])(x86_64-conda-linux-gnu-ld|CMAKE_LINK_STARTFILE-NOTFOUND|([^/\]+-)?ld|collect2)[^/\]*( |$)]
  ignore line: [Change Dir: /l/javeser/bdt_notebooks/build/CMakeFiles/CMakeTmp]
  ignore line: []
  ignore line: [Run Build Command(s):/cvmfs/lhcb.cern.ch/lib/var/lib/LbEnv/3149/stable/linux-64/bin/ninja cmTC_2cc58 && [1/2] Building C object CMakeFiles/cmTC_2cc58.dir/CMakeCCompilerABI.c.o]
  ignore line: [Reading specs from /l/javeser/micromamba/bin/../lib/gcc/x86_64-conda-linux-gnu/12.3.0/specs]
  ignore line: [could not find specs file conda.specs]
  ignore line: [COLLECT_GCC=/l/javeser/micromamba/bin/x86_64-conda-linux-gnu-cc]
  ignore line: [Target: x86_64-conda-linux-gnu]
  ignore line: [Configured with: ../configure --prefix=/home/conda/feedstock_root/build_artifacts/gcc_compilers_1715013812730/_h_env_placehold_placehold_placehold_placehold_placehold_placehold_placehold_placehold_placehold_placehold_placehold_placehold_placehold_placehold_placehold_placehold_placehold_placeho --with-slibdir=/home/conda/feedstock_root/build_artifacts/gcc_compilers_1715013812730/_h_env_placehold_placehold_placehold_placehold_placehold_placehold_placehold_placehold_placehold_placehold_placehold_placehold_placehold_placehold_placehold_placehold_placehold_placeho/lib --libdir=/home/conda/feedstock_root/build_artifacts/gcc_compilers_1715013812730/_h_env_placehold_placehold_placehold_placehold_placehold_placehold_placehold_placehold_placehold_placehold_placehold_placehold_placehold_placehold_placehold_placehold_placehold_placeho/lib --mandir=/home/conda/feedstock_root/build_artifacts/gcc_compilers_1715013812730/_h_env_placehold_placehold_placehold_placehold_placehold_placehold_placehold_placehold_placehold_placehold_placehold_placehold_placehold_placehold_placehold_placehold_placehold_placeho/man --build=x86_64-conda-linux-gnu --host=x86_64-conda-linux-gnu --target=x86_64-conda-linux-gnu --enable-default-pie --enable-languages=c c++ fortran objc obj-c++ --enable-__cxa_atexit --disable-libmudflap --enable-libgomp --disable-libssp --enable-libquadmath --enable-libquadmath-support --enable-libsanitizer --enable-lto --enable-threads=posix --enable-target-optspace --enable-plugin --enable-gold --disable-nls --disable-bootstrap --disable-multilib --enable-long-long --with-sysroot=/home/conda/feedstock_root/build_artifacts/gcc_compilers_1715013812730/_h_env_placehold_placehold_placehold_placehold_placehold_placehold_placehold_placehold_placehold_placehold_placehold_placehold_placehold_placehold_placehold_placehold_placehold_placeho/x86_64-conda-linux-gnu/sysroot --with-build-sysroot=/home/conda/feedstock_root/build_artifacts/gcc_compilers_1715013812730/_h_env_placehold_placehold_placehold_placehold_placehold_placehold_placehold_placehold_placehold_placehold_placehold_placehold_placehold_placehold_placehold_placehold_placehold_placeho/x86_64-conda-linux-gnu/sysroot --with-gxx-include-dir=/home/conda/feedstock_root/build_artifacts/gcc_compilers_1715013812730/_h_env_placehold_placehold_placehold_placehold_placehold_placehold_placehold_placehold_placehold_placehold_placehold_placehold_placehold_placehold_placehold_placehold_placehold_placeho/x86_64-conda-linux-gnu/include/c++/12.3.0 --with-pkgversion='conda-forge gcc 12.3.0-7' --with-bugurl=https://github.com/conda-forge/ctng-compilers-feedstock/issues/new/choose]
  ignore line: [Thread model: posix]
  ignore line: [Supported LTO compression algorithms: zlib]
  ignore line: [gcc version 12.3.0 (conda-forge gcc 12.3.0-7) ]
  ignore line: [COLLECT_GCC_OPTIONS='-v' '-o' 'CMakeFiles/cmTC_2cc58.dir/CMakeCCompilerABI.c.o' '-c' '-mtune=generic' '-march=x86-64' '-dumpdir' 'CMakeFiles/cmTC_2cc58.dir/']
  ignore line: [ /l/javeser/micromamba/bin/../libexec/gcc/x86_64-conda-linux-gnu/12.3.0/cc1 -quiet -v -iprefix /l/javeser/micromamba/bin/../lib/gcc/x86_64-conda-linux-gnu/12.3.0/ -isysroot /l/javeser/micromamba/bin/../x86_64-conda-linux-gnu/sysroot /cvmfs/lhcb.cern.ch/lib/var/lib/LbEnv/3149/stable/linux-64/share/cmake-3.19/Modules/CMakeCCompilerABI.c -quiet -dumpdir CMakeFiles/cmTC_2cc58.dir/ -dumpbase CMakeCCompilerABI.c.c -dumpbase-ext .c -mtune=generic -march=x86-64 -version -o /tmp/javeser/ccKs7QFC.s]
  ignore line: [GNU C17 (conda-forge gcc 12.3.0-7) version 12.3.0 (x86_64-conda-linux-gnu)]
  ignore line: [	compiled by GNU C version 13.2.0  GMP version 6.2.1  MPFR version 4.1.0  MPC version 1.2.1  isl version isl-0.24-GMP]
  ignore line: []
  ignore line: [GGC heuristics: --param ggc-min-expand=100 --param ggc-min-heapsize=131072]
  ignore line: [ignoring duplicate directory "/l/javeser/micromamba/bin/../lib/gcc/../../lib/gcc/x86_64-conda-linux-gnu/12.3.0/include"]
  ignore line: [ignoring nonexistent directory "/l/javeser/micromamba/bin/../x86_64-conda-linux-gnu/sysroot/usr/local/include"]
  ignore line: [ignoring duplicate directory "/l/javeser/micromamba/bin/../lib/gcc/../../lib/gcc/x86_64-conda-linux-gnu/12.3.0/include-fixed"]
  ignore line: [ignoring duplicate directory "/l/javeser/micromamba/bin/../lib/gcc/../../lib/gcc/x86_64-conda-linux-gnu/12.3.0/../../../../x86_64-conda-linux-gnu/include"]
  ignore line: [#include "..." search starts here:]
  ignore line: [#include <...> search starts here:]
  ignore line: [ /l/javeser/micromamba/bin/../lib/gcc/x86_64-conda-linux-gnu/12.3.0/include]
  ignore line: [ /l/javeser/micromamba/bin/../lib/gcc/x86_64-conda-linux-gnu/12.3.0/include-fixed]
  ignore line: [ /l/javeser/micromamba/bin/../lib/gcc/x86_64-conda-linux-gnu/12.3.0/../../../../x86_64-conda-linux-gnu/include]
  ignore line: [ /l/javeser/micromamba/bin/../x86_64-conda-linux-gnu/sysroot/usr/include]
  ignore line: [End of search list.]
  ignore line: [GNU C17 (conda-forge gcc 12.3.0-7) version 12.3.0 (x86_64-conda-linux-gnu)]
  ignore line: [	compiled by GNU C version 13.2.0  GMP version 6.2.1  MPFR version 4.1.0  MPC version 1.2.1  isl version isl-0.24-GMP]
  ignore line: []
  ignore line: [GGC heuristics: --param ggc-min-expand=100 --param ggc-min-heapsize=131072]
  ignore line: [Compiler executable checksum: 8baa67e68f618f3403d40a3a5efe3080]
  ignore line: [COLLECT_GCC_OPTIONS='-v' '-o' 'CMakeFiles/cmTC_2cc58.dir/CMakeCCompilerABI.c.o' '-c' '-mtune=generic' '-march=x86-64' '-dumpdir' 'CMakeFiles/cmTC_2cc58.dir/']
  ignore line: [ /l/javeser/micromamba/bin/../lib/gcc/x86_64-conda-linux-gnu/12.3.0/../../../../x86_64-conda-linux-gnu/bin/as -v --64 -o CMakeFiles/cmTC_2cc58.dir/CMakeCCompilerABI.c.o /tmp/javeser/ccKs7QFC.s]
  ignore line: [GNU assembler version 2.40 (x86_64-conda-linux-gnu) using BFD version (GNU Binutils) 2.40]
  ignore line: [COMPILER_PATH=/l/javeser/micromamba/bin/../libexec/gcc/x86_64-conda-linux-gnu/12.3.0/:/l/javeser/micromamba/bin/../libexec/gcc/:/l/javeser/micromamba/bin/../lib/gcc/x86_64-conda-linux-gnu/12.3.0/../../../../x86_64-conda-linux-gnu/bin/]
  ignore line: [LIBRARY_PATH=/l/javeser/micromamba/bin/../lib/gcc/x86_64-conda-linux-gnu/12.3.0/:/l/javeser/micromamba/bin/../lib/gcc/:/l/javeser/micromamba/bin/../lib/gcc/x86_64-conda-linux-gnu/12.3.0/../../../../x86_64-conda-linux-gnu/lib/../lib/:/l/javeser/micromamba/bin/../lib/gcc/x86_64-conda-linux-gnu/12.3.0/../../../../lib/:/l/javeser/micromamba/bin/../x86_64-conda-linux-gnu/sysroot/lib/../lib/:/l/javeser/micromamba/bin/../x86_64-conda-linux-gnu/sysroot/usr/lib/../lib/:/l/javeser/micromamba/bin/../lib/gcc/x86_64-conda-linux-gnu/12.3.0/../../../../x86_64-conda-linux-gnu/lib/:/l/javeser/micromamba/bin/../lib/gcc/x86_64-conda-linux-gnu/12.3.0/../../../:/l/javeser/micromamba/bin/../x86_64-conda-linux-gnu/sysroot/lib/:/l/javeser/micromamba/bin/../x86_64-conda-linux-gnu/sysroot/usr/lib/]
  ignore line: [COLLECT_GCC_OPTIONS='-v' '-o' 'CMakeFiles/cmTC_2cc58.dir/CMakeCCompilerABI.c.o' '-c' '-mtune=generic' '-march=x86-64' '-dumpdir' 'CMakeFiles/cmTC_2cc58.dir/CMakeCCompilerABI.c.']
  ignore line: [[2/2] Linking C executable cmTC_2cc58]
  ignore line: [Reading specs from /l/javeser/micromamba/bin/../lib/gcc/x86_64-conda-linux-gnu/12.3.0/specs]
  ignore line: [could not find specs file conda.specs]
  ignore line: [COLLECT_GCC=/l/javeser/micromamba/bin/x86_64-conda-linux-gnu-cc]
  ignore line: [COLLECT_LTO_WRAPPER=/l/javeser/micromamba/bin/../libexec/gcc/x86_64-conda-linux-gnu/12.3.0/lto-wrapper]
  ignore line: [Target: x86_64-conda-linux-gnu]
  ignore line: [Configured with: ../configure --prefix=/home/conda/feedstock_root/build_artifacts/gcc_compilers_1715013812730/_h_env_placehold_placehold_placehold_placehold_placehold_placehold_placehold_placehold_placehold_placehold_placehold_placehold_placehold_placehold_placehold_placehold_placehold_placeho --with-slibdir=/home/conda/feedstock_root/build_artifacts/gcc_compilers_1715013812730/_h_env_placehold_placehold_placehold_placehold_placehold_placehold_placehold_placehold_placehold_placehold_placehold_placehold_placehold_placehold_placehold_placehold_placehold_placeho/lib --libdir=/home/conda/feedstock_root/build_artifacts/gcc_compilers_1715013812730/_h_env_placehold_placehold_placehold_placehold_placehold_placehold_placehold_placehold_placehold_placehold_placehold_placehold_placehold_placehold_placehold_placehold_placehold_placeho/lib --mandir=/home/conda/feedstock_root/build_artifacts/gcc_compilers_1715013812730/_h_env_placehold_placehold_placehold_placehold_placehold_placehold_placehold_placehold_placehold_placehold_placehold_placehold_placehold_placehold_placehold_placehold_placehold_placeho/man --build=x86_64-conda-linux-gnu --host=x86_64-conda-linux-gnu --target=x86_64-conda-linux-gnu --enable-default-pie --enable-languages=c c++ fortran objc obj-c++ --enable-__cxa_atexit --disable-libmudflap --enable-libgomp --disable-libssp --enable-libquadmath --enable-libquadmath-support --enable-libsanitizer --enable-lto --enable-threads=posix --enable-target-optspace --enable-plugin --enable-gold --disable-nls --disable-bootstrap --disable-multilib --enable-long-long --with-sysroot=/home/conda/feedstock_root/build_artifacts/gcc_compilers_1715013812730/_h_env_placehold_placehold_placehold_placehold_placehold_placehold_placehold_placehold_placehold_placehold_placehold_placehold_placehold_placehold_placehold_placehold_placehold_placeho/x86_64-conda-linux-gnu/sysroot --with-build-sysroot=/home/conda/feedstock_root/build_artifacts/gcc_compilers_1715013812730/_h_env_placehold_placehold_placehold_placehold_placehold_placehold_placehold_placehold_placehold_placehold_placehold_placehold_placehold_placehold_placehold_placehold_placehold_placeho/x86_64-conda-linux-gnu/sysroot --with-gxx-include-dir=/home/conda/feedstock_root/build_artifacts/gcc_compilers_1715013812730/_h_env_placehold_placehold_placehold_placehold_placehold_placehold_placehold_placehold_placehold_placehold_placehold_placehold_placehold_placehold_placehold_placehold_placehold_placeho/x86_64-conda-linux-gnu/include/c++/12.3.0 --with-pkgversion='conda-forge gcc 12.3.0-7' --with-bugurl=https://github.com/conda-forge/ctng-compilers-feedstock/issues/new/choose]
  ignore line: [Thread model: posix]
  ignore line: [Supported LTO compression algorithms: zlib]
  ignore line: [gcc version 12.3.0 (conda-forge gcc 12.3.0-7) ]
  ignore line: [COMPILER_PATH=/l/javeser/micromamba/bin/../libexec/gcc/x86_64-conda-linux-gnu/12.3.0/:/l/javeser/micromamba/bin/../libexec/gcc/:/l/javeser/micromamba/bin/../lib/gcc/x86_64-conda-linux-gnu/12.3.0/../../../../x86_64-conda-linux-gnu/bin/]
  ignore line: [LIBRARY_PATH=/l/javeser/micromamba/bin/../lib/gcc/x86_64-conda-linux-gnu/12.3.0/:/l/javeser/micromamba/bin/../lib/gcc/:/l/javeser/micromamba/bin/../lib/gcc/x86_64-conda-linux-gnu/12.3.0/../../../../x86_64-conda-linux-gnu/lib/../lib/:/l/javeser/micromamba/bin/../lib/gcc/x86_64-conda-linux-gnu/12.3.0/../../../../lib/:/l/javeser/micromamba/bin/../x86_64-conda-linux-gnu/sysroot/lib/../lib/:/l/javeser/micromamba/bin/../x86_64-conda-linux-gnu/sysroot/usr/lib/../lib/:/l/javeser/micromamba/bin/../lib/gcc/x86_64-conda-linux-gnu/12.3.0/../../../../x86_64-conda-linux-gnu/lib/:/l/javeser/micromamba/bin/../lib/gcc/x86_64-conda-linux-gnu/12.3.0/../../../:/l/javeser/micromamba/bin/../x86_64-conda-linux-gnu/sysroot/lib/:/l/javeser/micromamba/bin/../x86_64-conda-linux-gnu/sysroot/usr/lib/]
  ignore line: [COLLECT_GCC_OPTIONS='-L/l/javeser/micromamba/lib' '-v' '-o' 'cmTC_2cc58' '-mtune=generic' '-march=x86-64' '-dumpdir' 'cmTC_2cc58.']
  link line: [ /l/javeser/micromamba/bin/../libexec/gcc/x86_64-conda-linux-gnu/12.3.0/collect2 -plugin /l/javeser/micromamba/bin/../libexec/gcc/x86_64-conda-linux-gnu/12.3.0/liblto_plugin.so -plugin-opt=/l/javeser/micromamba/bin/../libexec/gcc/x86_64-conda-linux-gnu/12.3.0/lto-wrapper -plugin-opt=-fresolution=/tmp/javeser/cc8ykukE.res -plugin-opt=-pass-through=-lgcc -plugin-opt=-pass-through=-lgcc_s -plugin-opt=-pass-through=-lc -plugin-opt=-pass-through=-lgcc -plugin-opt=-pass-through=-lgcc_s --sysroot=/l/javeser/micromamba/bin/../x86_64-conda-linux-gnu/sysroot --eh-frame-hdr -m elf_x86_64 -dynamic-linker /lib64/ld-linux-x86-64.so.2 -pie -o cmTC_2cc58 /l/javeser/micromamba/bin/../x86_64-conda-linux-gnu/sysroot/usr/lib/../lib/Scrt1.o /l/javeser/micromamba/bin/../x86_64-conda-linux-gnu/sysroot/usr/lib/../lib/crti.o /l/javeser/micromamba/bin/../lib/gcc/x86_64-conda-linux-gnu/12.3.0/crtbeginS.o -L/l/javeser/micromamba/lib -L/l/javeser/micromamba/bin/../lib/gcc/x86_64-conda-linux-gnu/12.3.0 -L/l/javeser/micromamba/bin/../lib/gcc -L/l/javeser/micromamba/bin/../lib/gcc/x86_64-conda-linux-gnu/12.3.0/../../../../x86_64-conda-linux-gnu/lib/../lib -L/l/javeser/micromamba/bin/../lib/gcc/x86_64-conda-linux-gnu/12.3.0/../../../../lib -L/l/javeser/micromamba/bin/../x86_64-conda-linux-gnu/sysroot/lib/../lib -L/l/javeser/micromamba/bin/../x86_64-conda-linux-gnu/sysroot/usr/lib/../lib -L/l/javeser/micromamba/bin/../lib/gcc/x86_64-conda-linux-gnu/12.3.0/../../../../x86_64-conda-linux-gnu/lib -L/l/javeser/micromamba/bin/../lib/gcc/x86_64-conda-linux-gnu/12.3.0/../../.. -L/l/javeser/micromamba/bin/../x86_64-conda-linux-gnu/sysroot/lib -L/l/javeser/micromamba/bin/../x86_64-conda-linux-gnu/sysroot/usr/lib -O2 --sort-common --as-needed -z relro -z now --disable-new-dtags --gc-sections --allow-shlib-undefined -rpath /l/javeser/micromamba/lib -rpath-link /l/javeser/micromamba/lib CMakeFiles/cmTC_2cc58.dir/CMakeCCompilerABI.c.o -lgcc --push-state --as-needed -lgcc_s --pop-state -lc -lgcc --push-state --as-needed -lgcc_s --pop-state /l/javeser/micromamba/bin/../lib/gcc/x86_64-conda-linux-gnu/12.3.0/crtendS.o /l/javeser/micromamba/bin/../x86_64-conda-linux-gnu/sysroot/usr/lib/../lib/crtn.o -rpath /l/javeser/micromamba/lib]
    arg [/l/javeser/micromamba/bin/../libexec/gcc/x86_64-conda-linux-gnu/12.3.0/collect2] ==> ignore
    arg [-plugin] ==> ignore
    arg [/l/javeser/micromamba/bin/../libexec/gcc/x86_64-conda-linux-gnu/12.3.0/liblto_plugin.so] ==> ignore
    arg [-plugin-opt=/l/javeser/micromamba/bin/../libexec/gcc/x86_64-conda-linux-gnu/12.3.0/lto-wrapper] ==> ignore
    arg [-plugin-opt=-fresolution=/tmp/javeser/cc8ykukE.res] ==> ignore
    arg [-plugin-opt=-pass-through=-lgcc] ==> ignore
    arg [-plugin-opt=-pass-through=-lgcc_s] ==> ignore
    arg [-plugin-opt=-pass-through=-lc] ==> ignore
    arg [-plugin-opt=-pass-through=-lgcc] ==> ignore
    arg [-plugin-opt=-pass-through=-lgcc_s] ==> ignore
    arg [--sysroot=/l/javeser/micromamba/bin/../x86_64-conda-linux-gnu/sysroot] ==> ignore
    arg [--eh-frame-hdr] ==> ignore
    arg [-m] ==> ignore
    arg [elf_x86_64] ==> ignore
    arg [-dynamic-linker] ==> ignore
    arg [/lib64/ld-linux-x86-64.so.2] ==> ignore
    arg [-pie] ==> ignore
    arg [-o] ==> ignore
    arg [cmTC_2cc58] ==> ignore
    arg [/l/javeser/micromamba/bin/../x86_64-conda-linux-gnu/sysroot/usr/lib/../lib/Scrt1.o] ==> ignore
    arg [/l/javeser/micromamba/bin/../x86_64-conda-linux-gnu/sysroot/usr/lib/../lib/crti.o] ==> ignore
    arg [/l/javeser/micromamba/bin/../lib/gcc/x86_64-conda-linux-gnu/12.3.0/crtbeginS.o] ==> ignore
    arg [-L/l/javeser/micromamba/lib] ==> dir [/l/javeser/micromamba/lib]
    arg [-L/l/javeser/micromamba/bin/../lib/gcc/x86_64-conda-linux-gnu/12.3.0] ==> dir [/l/javeser/micromamba/bin/../lib/gcc/x86_64-conda-linux-gnu/12.3.0]
    arg [-L/l/javeser/micromamba/bin/../lib/gcc] ==> dir [/l/javeser/micromamba/bin/../lib/gcc]
    arg [-L/l/javeser/micromamba/bin/../lib/gcc/x86_64-conda-linux-gnu/12.3.0/../../../../x86_64-conda-linux-gnu/lib/../lib] ==> dir [/l/javeser/micromamba/bin/../lib/gcc/x86_64-conda-linux-gnu/12.3.0/../../../../x86_64-conda-linux-gnu/lib/../lib]
    arg [-L/l/javeser/micromamba/bin/../lib/gcc/x86_64-conda-linux-gnu/12.3.0/../../../../lib] ==> dir [/l/javeser/micromamba/bin/../lib/gcc/x86_64-conda-linux-gnu/12.3.0/../../../../lib]
    arg [-L/l/javeser/micromamba/bin/../x86_64-conda-linux-gnu/sysroot/lib/../lib] ==> dir [/l/javeser/micromamba/bin/../x86_64-conda-linux-gnu/sysroot/lib/../lib]
    arg [-L/l/javeser/micromamba/bin/../x86_64-conda-linux-gnu/sysroot/usr/lib/../lib] ==> dir [/l/javeser/micromamba/bin/../x86_64-conda-linux-gnu/sysroot/usr/lib/../lib]
    arg [-L/l/javeser/micromamba/bin/../lib/gcc/x86_64-conda-linux-gnu/12.3.0/../../../../x86_64-conda-linux-gnu/lib] ==> dir [/l/javeser/micromamba/bin/../lib/gcc/x86_64-conda-linux-gnu/12.3.0/../../../../x86_64-conda-linux-gnu/lib]
    arg [-L/l/javeser/micromamba/bin/../lib/gcc/x86_64-conda-linux-gnu/12.3.0/../../..] ==> dir [/l/javeser/micromamba/bin/../lib/gcc/x86_64-conda-linux-gnu/12.3.0/../../..]
    arg [-L/l/javeser/micromamba/bin/../x86_64-conda-linux-gnu/sysroot/lib] ==> dir [/l/javeser/micromamba/bin/../x86_64-conda-linux-gnu/sysroot/lib]
    arg [-L/l/javeser/micromamba/bin/../x86_64-conda-linux-gnu/sysroot/usr/lib] ==> dir [/l/javeser/micromamba/bin/../x86_64-conda-linux-gnu/sysroot/usr/lib]
    arg [-O2] ==> ignore
    arg [--sort-common] ==> ignore
    arg [--as-needed] ==> ignore
    arg [-zrelro] ==> ignore
    arg [-znow] ==> ignore
    arg [--disable-new-dtags] ==> ignore
    arg [--gc-sections] ==> ignore
    arg [--allow-shlib-undefined] ==> ignore
    arg [-rpath] ==> ignore
    arg [/l/javeser/micromamba/lib] ==> ignore
    arg [-rpath-link] ==> ignore
    arg [/l/javeser/micromamba/lib] ==> ignore
    arg [CMakeFiles/cmTC_2cc58.dir/CMakeCCompilerABI.c.o] ==> ignore
    arg [-lgcc] ==> lib [gcc]
    arg [--push-state] ==> ignore
    arg [--as-needed] ==> ignore
    arg [-lgcc_s] ==> lib [gcc_s]
    arg [--pop-state] ==> ignore
    arg [-lc] ==> lib [c]
    arg [-lgcc] ==> lib [gcc]
    arg [--push-state] ==> ignore
    arg [--as-needed] ==> ignore
    arg [-lgcc_s] ==> lib [gcc_s]
    arg [--pop-state] ==> ignore
    arg [/l/javeser/micromamba/bin/../lib/gcc/x86_64-conda-linux-gnu/12.3.0/crtendS.o] ==> ignore
    arg [/l/javeser/micromamba/bin/../x86_64-conda-linux-gnu/sysroot/usr/lib/../lib/crtn.o] ==> ignore
    arg [-rpath] ==> ignore
    arg [/l/javeser/micromamba/lib] ==> ignore
  collapse library dir [/l/javeser/micromamba/lib] ==> [/l/javeser/micromamba/lib]
  collapse library dir [/l/javeser/micromamba/bin/../lib/gcc/x86_64-conda-linux-gnu/12.3.0] ==> [/l/javeser/micromamba/lib/gcc/x86_64-conda-linux-gnu/12.3.0]
  collapse library dir [/l/javeser/micromamba/bin/../lib/gcc] ==> [/l/javeser/micromamba/lib/gcc]
  collapse library dir [/l/javeser/micromamba/bin/../lib/gcc/x86_64-conda-linux-gnu/12.3.0/../../../../x86_64-conda-linux-gnu/lib/../lib] ==> [/l/javeser/micromamba/x86_64-conda-linux-gnu/lib]
  collapse library dir [/l/javeser/micromamba/bin/../lib/gcc/x86_64-conda-linux-gnu/12.3.0/../../../../lib] ==> [/l/javeser/micromamba/lib]
  collapse library dir [/l/javeser/micromamba/bin/../x86_64-conda-linux-gnu/sysroot/lib/../lib] ==> [/l/javeser/micromamba/x86_64-conda-linux-gnu/sysroot/lib]
  collapse library dir [/l/javeser/micromamba/bin/../x86_64-conda-linux-gnu/sysroot/usr/lib/../lib] ==> [/l/javeser/micromamba/x86_64-conda-linux-gnu/sysroot/usr/lib]
  collapse library dir [/l/javeser/micromamba/bin/../lib/gcc/x86_64-conda-linux-gnu/12.3.0/../../../../x86_64-conda-linux-gnu/lib] ==> [/l/javeser/micromamba/x86_64-conda-linux-gnu/lib]
  collapse library dir [/l/javeser/micromamba/bin/../lib/gcc/x86_64-conda-linux-gnu/12.3.0/../../..] ==> [/l/javeser/micromamba/lib]
  collapse library dir [/l/javeser/micromamba/bin/../x86_64-conda-linux-gnu/sysroot/lib] ==> [/l/javeser/micromamba/x86_64-conda-linux-gnu/sysroot/lib]
  collapse library dir [/l/javeser/micromamba/bin/../x86_64-conda-linux-gnu/sysroot/usr/lib] ==> [/l/javeser/micromamba/x86_64-conda-linux-gnu/sysroot/usr/lib]
  implicit libs: [gcc;gcc_s;c;gcc;gcc_s]
  implicit dirs: [/l/javeser/micromamba/lib;/l/javeser/micromamba/lib/gcc/x86_64-conda-linux-gnu/12.3.0;/l/javeser/micromamba/lib/gcc;/l/javeser/micromamba/x86_64-conda-linux-gnu/lib;/l/javeser/micromamba/x86_64-conda-linux-gnu/sysroot/lib;/l/javeser/micromamba/x86_64-conda-linux-gnu/sysroot/usr/lib]
  implicit fwks: []


Detecting CXX compiler ABI info compiled with the following output:
Change Dir: /l/javeser/bdt_notebooks/build/CMakeFiles/CMakeTmp

Run Build Command(s):/cvmfs/lhcb.cern.ch/lib/var/lib/LbEnv/3149/stable/linux-64/bin/ninja cmTC_14f8c && [1/2] Building CXX object CMakeFiles/cmTC_14f8c.dir/CMakeCXXCompilerABI.cpp.o
Reading specs from /l/javeser/micromamba/bin/../lib/gcc/x86_64-conda-linux-gnu/12.3.0/specs
could not find specs file conda.specs
COLLECT_GCC=/l/javeser/micromamba/bin/x86_64-conda-linux-gnu-c++
Target: x86_64-conda-linux-gnu
Configured with: ../configure --prefix=/home/conda/feedstock_root/build_artifacts/gcc_compilers_1715013812730/_h_env_placehold_placehold_placehold_placehold_placehold_placehold_placehold_placehold_placehold_placehold_placehold_placehold_placehold_placehold_placehold_placehold_placehold_placeho --with-slibdir=/home/conda/feedstock_root/build_artifacts/gcc_compilers_1715013812730/_h_env_placehold_placehold_placehold_placehold_placehold_placehold_placehold_placehold_placehold_placehold_placehold_placehold_placehold_placehold_placehold_placehold_placehold_placeho/lib --libdir=/home/conda/feedstock_root/build_artifacts/gcc_compilers_1715013812730/_h_env_placehold_placehold_placehold_placehold_placehold_placehold_placehold_placehold_placehold_placehold_placehold_placehold_placehold_placehold_placehold_placehold_placehold_placeho/lib --mandir=/home/conda/feedstock_root/build_artifacts/gcc_compilers_1715013812730/_h_env_placehold_placehold_placehold_placehold_placehold_placehold_placehold_placehold_placehold_placehold_placehold_placehold_placehold_placehold_placehold_placehold_placehold_placeho/man --build=x86_64-conda-linux-gnu --host=x86_64-conda-linux-gnu --target=x86_64-conda-linux-gnu --enable-default-pie --enable-languages=c,c++,fortran,objc,obj-c++ --enable-__cxa_atexit --disable-libmudflap --enable-libgomp --disable-libssp --enable-libquadmath --enable-libquadmath-support --enable-libsanitizer --enable-lto --enable-threads=posix --enable-target-optspace --enable-plugin --enable-gold --disable-nls --disable-bootstrap --disable-multilib --enable-long-long --with-sysroot=/home/conda/feedstock_root/build_artifacts/gcc_compilers_1715013812730/_h_env_placehold_placehold_placehold_placehold_placehold_placehold_placehold_placehold_placehold_placehold_placehold_placehold_placehold_placehold_placehold_placehold_placehold_placeho/x86_64-conda-linux-gnu/sysroot --with-build-sysroot=/home/conda/feedstock_root/build_artifacts/gcc_compilers_1715013812730/_h_env_placehold_placehold_placehold_placehold_placehold_placehold_placehold_placehold_placehold_placehold_placehold_placehold_placehold_placehold_placehold_placehold_placehold_placeho/x86_64-conda-linux-gnu/sysroot --with-gxx-include-dir=/home/conda/feedstock_root/build_artifacts/gcc_compilers_1715013812730/_h_env_placehold_placehold_placehold_placehold_placehold_placehold_placehold_placehold_placehold_placehold_placehold_placehold_placehold_placehold_placehold_placehold_placehold_placeho/x86_64-conda-linux-gnu/include/c++/12.3.0 --with-pkgversion='conda-forge gcc 12.3.0-7' --with-bugurl=https://github.com/conda-forge/ctng-compilers-feedstock/issues/new/choose
Thread model: posix
Supported LTO compression algorithms: zlib
gcc version 12.3.0 (conda-forge gcc 12.3.0-7) 
COLLECT_GCC_OPTIONS='-v' '-o' 'CMakeFiles/cmTC_14f8c.dir/CMakeCXXCompilerABI.cpp.o' '-c' '-shared-libgcc' '-mtune=generic' '-march=x86-64' '-dumpdir' 'CMakeFiles/cmTC_14f8c.dir/'
 /l/javeser/micromamba/bin/../libexec/gcc/x86_64-conda-linux-gnu/12.3.0/cc1plus -quiet -v -iprefix /l/javeser/micromamba/bin/../lib/gcc/x86_64-conda-linux-gnu/12.3.0/ -isysroot /l/javeser/micromamba/bin/../x86_64-conda-linux-gnu/sysroot -D_GNU_SOURCE /cvmfs/lhcb.cern.ch/lib/var/lib/LbEnv/3149/stable/linux-64/share/cmake-3.19/Modules/CMakeCXXCompilerABI.cpp -quiet -dumpdir CMakeFiles/cmTC_14f8c.dir/ -dumpbase CMakeCXXCompilerABI.cpp.cpp -dumpbase-ext .cpp -mtune=generic -march=x86-64 -version -o /tmp/javeser/cc4DGmSB.s
GNU C++17 (conda-forge gcc 12.3.0-7) version 12.3.0 (x86_64-conda-linux-gnu)
	compiled by GNU C version 13.2.0, GMP version 6.2.1, MPFR version 4.1.0, MPC version 1.2.1, isl version isl-0.24-GMP

GGC heuristics: --param ggc-min-expand=100 --param ggc-min-heapsize=131072
ignoring duplicate directory "/l/javeser/micromamba/bin/../lib/gcc/../../lib/gcc/x86_64-conda-linux-gnu/12.3.0/include"
ignoring nonexistent directory "/l/javeser/micromamba/bin/../x86_64-conda-linux-gnu/sysroot/usr/local/include"
ignoring duplicate directory "/l/javeser/micromamba/bin/../lib/gcc/../../lib/gcc/x86_64-conda-linux-gnu/12.3.0/include-fixed"
ignoring duplicate directory "/l/javeser/micromamba/bin/../lib/gcc/../../lib/gcc/x86_64-conda-linux-gnu/12.3.0/../../../../x86_64-conda-linux-gnu/include"
#include "..." search starts here:
#include <...> search starts here:
 /l/javeser/micromamba/bin/../lib/gcc/x86_64-conda-linux-gnu/12.3.0/include
 /l/javeser/micromamba/bin/../lib/gcc/x86_64-conda-linux-gnu/12.3.0/include-fixed
 /l/javeser/micromamba/bin/../lib/gcc/x86_64-conda-linux-gnu/12.3.0/../../../../x86_64-conda-linux-gnu/include
 /l/javeser/micromamba/bin/../lib/gcc/../../x86_64-conda-linux-gnu/include/c++/12.3.0
 /l/javeser/micromamba/bin/../lib/gcc/../../x86_64-conda-linux-gnu/include/c++/12.3.0/x86_64-conda-linux-gnu
 /l/javeser/micromamba/bin/../lib/gcc/../../x86_64-conda-linux-gnu/include/c++/12.3.0/backward
 /l/javeser/micromamba/bin/../x86_64-conda-linux-gnu/sysroot/usr/include
End of search list.
GNU C++17 (conda-forge gcc 12.3.0-7) version 12.3.0 (x86_64-conda-linux-gnu)
	compiled by GNU C version 13.2.0, GMP version 6.2.1, MPFR version 4.1.0, MPC version 1.2.1, isl version isl-0.24-GMP

GGC heuristics: --param ggc-min-expand=100 --param ggc-min-heapsize=131072
Compiler executable checksum: 5e225246064ad1966efe9c4a3399914e
COLLECT_GCC_OPTIONS='-v' '-o' 'CMakeFiles/cmTC_14f8c.dir/CMakeCXXCompilerABI.cpp.o' '-c' '-shared-libgcc' '-mtune=generic' '-march=x86-64' '-dumpdir' 'CMakeFiles/cmTC_14f8c.dir/'
 /l/javeser/micromamba/bin/../lib/gcc/x86_64-conda-linux-gnu/12.3.0/../../../../x86_64-conda-linux-gnu/bin/as -v --64 -o CMakeFiles/cmTC_14f8c.dir/CMakeCXXCompilerABI.cpp.o /tmp/javeser/cc4DGmSB.s
GNU assembler version 2.40 (x86_64-conda-linux-gnu) using BFD version (GNU Binutils) 2.40
COMPILER_PATH=/l/javeser/micromamba/bin/../libexec/gcc/x86_64-conda-linux-gnu/12.3.0/:/l/javeser/micromamba/bin/../libexec/gcc/:/l/javeser/micromamba/bin/../lib/gcc/x86_64-conda-linux-gnu/12.3.0/../../../../x86_64-conda-linux-gnu/bin/
LIBRARY_PATH=/l/javeser/micromamba/bin/../lib/gcc/x86_64-conda-linux-gnu/12.3.0/:/l/javeser/micromamba/bin/../lib/gcc/:/l/javeser/micromamba/bin/../lib/gcc/x86_64-conda-linux-gnu/12.3.0/../../../../x86_64-conda-linux-gnu/lib/../lib/:/l/javeser/micromamba/bin/../lib/gcc/x86_64-conda-linux-gnu/12.3.0/../../../../lib/:/l/javeser/micromamba/bin/../x86_64-conda-linux-gnu/sysroot/lib/../lib/:/l/javeser/micromamba/bin/../x86_64-conda-linux-gnu/sysroot/usr/lib/../lib/:/l/javeser/micromamba/bin/../lib/gcc/x86_64-conda-linux-gnu/12.3.0/../../../../x86_64-conda-linux-gnu/lib/:/l/javeser/micromamba/bin/../lib/gcc/x86_64-conda-linux-gnu/12.3.0/../../../:/l/javeser/micromamba/bin/../x86_64-conda-linux-gnu/sysroot/lib/:/l/javeser/micromamba/bin/../x86_64-conda-linux-gnu/sysroot/usr/lib/
COLLECT_GCC_OPTIONS='-v' '-o' 'CMakeFiles/cmTC_14f8c.dir/CMakeCXXCompilerABI.cpp.o' '-c' '-shared-libgcc' '-mtune=generic' '-march=x86-64' '-dumpdir' 'CMakeFiles/cmTC_14f8c.dir/CMakeCXXCompilerABI.cpp.'
[2/2] Linking CXX executable cmTC_14f8c
Reading specs from /l/javeser/micromamba/bin/../lib/gcc/x86_64-conda-linux-gnu/12.3.0/specs
could not find specs file conda.specs
COLLECT_GCC=/l/javeser/micromamba/bin/x86_64-conda-linux-gnu-c++
COLLECT_LTO_WRAPPER=/l/javeser/micromamba/bin/../libexec/gcc/x86_64-conda-linux-gnu/12.3.0/lto-wrapper
Target: x86_64-conda-linux-gnu
Configured with: ../configure --prefix=/home/conda/feedstock_root/build_artifacts/gcc_compilers_1715013812730/_h_env_placehold_placehold_placehold_placehold_placehold_placehold_placehold_placehold_placehold_placehold_placehold_placehold_placehold_placehold_placehold_placehold_placehold_placeho --with-slibdir=/home/conda/feedstock_root/build_artifacts/gcc_compilers_1715013812730/_h_env_placehold_placehold_placehold_placehold_placehold_placehold_placehold_placehold_placehold_placehold_placehold_placehold_placehold_placehold_placehold_placehold_placehold_placeho/lib --libdir=/home/conda/feedstock_root/build_artifacts/gcc_compilers_1715013812730/_h_env_placehold_placehold_placehold_placehold_placehold_placehold_placehold_placehold_placehold_placehold_placehold_placehold_placehold_placehold_placehold_placehold_placehold_placeho/lib --mandir=/home/conda/feedstock_root/build_artifacts/gcc_compilers_1715013812730/_h_env_placehold_placehold_placehold_placehold_placehold_placehold_placehold_placehold_placehold_placehold_placehold_placehold_placehold_placehold_placehold_placehold_placehold_placeho/man --build=x86_64-conda-linux-gnu --host=x86_64-conda-linux-gnu --target=x86_64-conda-linux-gnu --enable-default-pie --enable-languages=c,c++,fortran,objc,obj-c++ --enable-__cxa_atexit --disable-libmudflap --enable-libgomp --disable-libssp --enable-libquadmath --enable-libquadmath-support --enable-libsanitizer --enable-lto --enable-threads=posix --enable-target-optspace --enable-plugin --enable-gold --disable-nls --disable-bootstrap --disable-multilib --enable-long-long --with-sysroot=/home/conda/feedstock_root/build_artifacts/gcc_compilers_1715013812730/_h_env_placehold_placehold_placehold_placehold_placehold_placehold_placehold_placehold_placehold_placehold_placehold_placehold_placehold_placehold_placehold_placehold_placehold_placeho/x86_64-conda-linux-gnu/sysroot --with-build-sysroot=/home/conda/feedstock_root/build_artifacts/gcc_compilers_1715013812730/_h_env_placehold_placehold_placehold_placehold_placehold_placehold_placehold_placehold_placehold_placehold_placehold_placehold_placehold_placehold_placehold_placehold_placehold_placeho/x86_64-conda-linux-gnu/sysroot --with-gxx-include-dir=/home/conda/feedstock_root/build_artifacts/gcc_compilers_1715013812730/_h_env_placehold_placehold_placehold_placehold_placehold_placehold_placehold_placehold_placehold_placehold_placehold_placehold_placehold_placehold_placehold_placehold_placehold_placeho/x86_64-conda-linux-gnu/include/c++/12.3.0 --with-pkgversion='conda-forge gcc 12.3.0-7' --with-bugurl=https://github.com/conda-forge/ctng-compilers-feedstock/issues/new/choose
Thread model: posix
Supported LTO compression algorithms: zlib
gcc version 12.3.0 (conda-forge gcc 12.3.0-7) 
COMPILER_PATH=/l/javeser/micromamba/bin/../libexec/gcc/x86_64-conda-linux-gnu/12.3.0/:/l/javeser/micromamba/bin/../libexec/gcc/:/l/javeser/micromamba/bin/../lib/gcc/x86_64-conda-linux-gnu/12.3.0/../../../../x86_64-conda-linux-gnu/bin/
LIBRARY_PATH=/l/javeser/micromamba/bin/../lib/gcc/x86_64-conda-linux-gnu/12.3.0/:/l/javeser/micromamba/bin/../lib/gcc/:/l/javeser/micromamba/bin/../lib/gcc/x86_64-conda-linux-gnu/12.3.0/../../../../x86_64-conda-linux-gnu/lib/../lib/:/l/javeser/micromamba/bin/../lib/gcc/x86_64-conda-linux-gnu/12.3.0/../../../../lib/:/l/javeser/micromamba/bin/../x86_64-conda-linux-gnu/sysroot/lib/../lib/:/l/javeser/micromamba/bin/../x86_64-conda-linux-gnu/sysroot/usr/lib/../lib/:/l/javeser/micromamba/bin/../lib/gcc/x86_64-conda-linux-gnu/12.3.0/../../../../x86_64-conda-linux-gnu/lib/:/l/javeser/micromamba/bin/../lib/gcc/x86_64-conda-linux-gnu/12.3.0/../../../:/l/javeser/micromamba/bin/../x86_64-conda-linux-gnu/sysroot/lib/:/l/javeser/micromamba/bin/../x86_64-conda-linux-gnu/sysroot/usr/lib/
COLLECT_GCC_OPTIONS='-L/l/javeser/micromamba/lib' '-v' '-o' 'cmTC_14f8c' '-shared-libgcc' '-mtune=generic' '-march=x86-64' '-dumpdir' 'cmTC_14f8c.'
 /l/javeser/micromamba/bin/../libexec/gcc/x86_64-conda-linux-gnu/12.3.0/collect2 -plugin /l/javeser/micromamba/bin/../libexec/gcc/x86_64-conda-linux-gnu/12.3.0/liblto_plugin.so -plugin-opt=/l/javeser/micromamba/bin/../libexec/gcc/x86_64-conda-linux-gnu/12.3.0/lto-wrapper -plugin-opt=-fresolution=/tmp/javeser/cc0lj2yE.res -plugin-opt=-pass-through=-lgcc_s -plugin-opt=-pass-through=-lgcc -plugin-opt=-pass-through=-lc -plugin-opt=-pass-through=-lgcc_s -plugin-opt=-pass-through=-lgcc --sysroot=/l/javeser/micromamba/bin/../x86_64-conda-linux-gnu/sysroot --eh-frame-hdr -m elf_x86_64 -dynamic-linker /lib64/ld-linux-x86-64.so.2 -pie -o cmTC_14f8c /l/javeser/micromamba/bin/../x86_64-conda-linux-gnu/sysroot/usr/lib/../lib/Scrt1.o /l/javeser/micromamba/bin/../x86_64-conda-linux-gnu/sysroot/usr/lib/../lib/crti.o /l/javeser/micromamba/bin/../lib/gcc/x86_64-conda-linux-gnu/12.3.0/crtbeginS.o -L/l/javeser/micromamba/lib -L/l/javeser/micromamba/bin/../lib/gcc/x86_64-conda-linux-gnu/12.3.0 -L/l/javeser/micromamba/bin/../lib/gcc -L/l/javeser/micromamba/bin/../lib/gcc/x86_64-conda-linux-gnu/12.3.0/../../../../x86_64-conda-linux-gnu/lib/../lib -L/l/javeser/micromamba/bin/../lib/gcc/x86_64-conda-linux-gnu/12.3.0/../../../../lib -L/l/javeser/micromamba/bin/../x86_64-conda-linux-gnu/sysroot/lib/../lib -L/l/javeser/micromamba/bin/../x86_64-conda-linux-gnu/sysroot/usr/lib/../lib -L/l/javeser/micromamba/bin/../lib/gcc/x86_64-conda-linux-gnu/12.3.0/../../../../x86_64-conda-linux-gnu/lib -L/l/javeser/micromamba/bin/../lib/gcc/x86_64-conda-linux-gnu/12.3.0/../../.. -L/l/javeser/micromamba/bin/../x86_64-conda-linux-gnu/sysroot/lib -L/l/javeser/micromamba/bin/../x86_64-conda-linux-gnu/sysroot/usr/lib -O2 --sort-common --as-needed -z relro -z now --disable-new-dtags --gc-sections --allow-shlib-undefined -rpath /l/javeser/micromamba/lib -rpath-link /l/javeser/micromamba/lib CMakeFiles/cmTC_14f8c.dir/CMakeCXXCompilerABI.cpp.o -lstdc++ -lm -lgcc_s -lgcc -lc -lgcc_s -lgcc /l/javeser/micromamba/bin/../lib/gcc/x86_64-conda-linux-gnu/12.3.0/crtendS.o /l/javeser/micromamba/bin/../x86_64-conda-linux-gnu/sysroot/usr/lib/../lib/crtn.o -rpath /l/javeser/micromamba/lib
COLLECT_GCC_OPTIONS='-L/l/javeser/micromamba/lib' '-v' '-o' 'cmTC_14f8c' '-shared-libgcc' '-mtune=generic' '-march=x86-64' '-dumpdir' 'cmTC_14f8c.'



Parsed CXX implicit include dir info from above output: rv=done
  found start of include info
  found start of implicit include info
    add: [/l/javeser/micromamba/bin/../lib/gcc/x86_64-conda-linux-gnu/12.3.0/include]
    add: [/l/javeser/micromamba/bin/../lib/gcc/x86_64-conda-linux-gnu/12.3.0/include-fixed]
    add: [/l/javeser/micromamba/bin/../lib/gcc/x86_64-conda-linux-gnu/12.3.0/../../../../x86_64-conda-linux-gnu/include]
    add: [/l/javeser/micromamba/bin/../lib/gcc/../../x86_64-conda-linux-gnu/include/c++/12.3.0]
    add: [/l/javeser/micromamba/bin/../lib/gcc/../../x86_64-conda-linux-gnu/include/c++/12.3.0/x86_64-conda-linux-gnu]
    add: [/l/javeser/micromamba/bin/../lib/gcc/../../x86_64-conda-linux-gnu/include/c++/12.3.0/backward]
    add: [/l/javeser/micromamba/bin/../x86_64-conda-linux-gnu/sysroot/usr/include]
  end of search list found
  collapse include dir [/l/javeser/micromamba/bin/../lib/gcc/x86_64-conda-linux-gnu/12.3.0/include] ==> [/l/javeser/micromamba/lib/gcc/x86_64-conda-linux-gnu/12.3.0/include]
  collapse include dir [/l/javeser/micromamba/bin/../lib/gcc/x86_64-conda-linux-gnu/12.3.0/include-fixed] ==> [/l/javeser/micromamba/lib/gcc/x86_64-conda-linux-gnu/12.3.0/include-fixed]
  collapse include dir [/l/javeser/micromamba/bin/../lib/gcc/x86_64-conda-linux-gnu/12.3.0/../../../../x86_64-conda-linux-gnu/include] ==> [/l/javeser/micromamba/x86_64-conda-linux-gnu/include]
  collapse include dir [/l/javeser/micromamba/bin/../lib/gcc/../../x86_64-conda-linux-gnu/include/c++/12.3.0] ==> [/l/javeser/micromamba/x86_64-conda-linux-gnu/include/c++/12.3.0]
  collapse include dir [/l/javeser/micromamba/bin/../lib/gcc/../../x86_64-conda-linux-gnu/include/c++/12.3.0/x86_64-conda-linux-gnu] ==> [/l/javeser/micromamba/x86_64-conda-linux-gnu/include/c++/12.3.0/x86_64-conda-linux-gnu]
  collapse include dir [/l/javeser/micromamba/bin/../lib/gcc/../../x86_64-conda-linux-gnu/include/c++/12.3.0/backward] ==> [/l/javeser/micromamba/x86_64-conda-linux-gnu/include/c++/12.3.0/backward]
  collapse include dir [/l/javeser/micromamba/bin/../x86_64-conda-linux-gnu/sysroot/usr/include] ==> [/l/javeser/micromamba/x86_64-conda-linux-gnu/sysroot/usr/include]
  implicit include dirs: [/l/javeser/micromamba/lib/gcc/x86_64-conda-linux-gnu/12.3.0/include;/l/javeser/micromamba/lib/gcc/x86_64-conda-linux-gnu/12.3.0/include-fixed;/l/javeser/micromamba/x86_64-conda-linux-gnu/include;/l/javeser/micromamba/x86_64-conda-linux-gnu/include/c++/12.3.0;/l/javeser/micromamba/x86_64-conda-linux-gnu/include/c++/12.3.0/x86_64-conda-linux-gnu;/l/javeser/micromamba/x86_64-conda-linux-gnu/include/c++/12.3.0/backward;/l/javeser/micromamba/x86_64-conda-linux-gnu/sysroot/usr/include]


Parsed CXX implicit link information from above output:
  link line regex: [^( *|.*[/\])(x86_64-conda-linux-gnu-ld|CMAKE_LINK_STARTFILE-NOTFOUND|([^/\]+-)?ld|collect2)[^/\]*( |$)]
  ignore line: [Change Dir: /l/javeser/bdt_notebooks/build/CMakeFiles/CMakeTmp]
  ignore line: []
  ignore line: [Run Build Command(s):/cvmfs/lhcb.cern.ch/lib/var/lib/LbEnv/3149/stable/linux-64/bin/ninja cmTC_14f8c && [1/2] Building CXX object CMakeFiles/cmTC_14f8c.dir/CMakeCXXCompilerABI.cpp.o]
  ignore line: [Reading specs from /l/javeser/micromamba/bin/../lib/gcc/x86_64-conda-linux-gnu/12.3.0/specs]
  ignore line: [could not find specs file conda.specs]
  ignore line: [COLLECT_GCC=/l/javeser/micromamba/bin/x86_64-conda-linux-gnu-c++]
  ignore line: [Target: x86_64-conda-linux-gnu]
  ignore line: [Configured with: ../configure --prefix=/home/conda/feedstock_root/build_artifacts/gcc_compilers_1715013812730/_h_env_placehold_placehold_placehold_placehold_placehold_placehold_placehold_placehold_placehold_placehold_placehold_placehold_placehold_placehold_placehold_placehold_placehold_placeho --with-slibdir=/home/conda/feedstock_root/build_artifacts/gcc_compilers_1715013812730/_h_env_placehold_placehold_placehold_placehold_placehold_placehold_placehold_placehold_placehold_placehold_placehold_placehold_placehold_placehold_placehold_placehold_placehold_placeho/lib --libdir=/home/conda/feedstock_root/build_artifacts/gcc_compilers_1715013812730/_h_env_placehold_placehold_placehold_placehold_placehold_placehold_placehold_placehold_placehold_placehold_placehold_placehold_placehold_placehold_placehold_placehold_placehold_placeho/lib --mandir=/home/conda/feedstock_root/build_artifacts/gcc_compilers_1715013812730/_h_env_placehold_placehold_placehold_placehold_placehold_placehold_placehold_placehold_placehold_placehold_placehold_placehold_placehold_placehold_placehold_placehold_placehold_placeho/man --build=x86_64-conda-linux-gnu --host=x86_64-conda-linux-gnu --target=x86_64-conda-linux-gnu --enable-default-pie --enable-languages=c c++ fortran objc obj-c++ --enable-__cxa_atexit --disable-libmudflap --enable-libgomp --disable-libssp --enable-libquadmath --enable-libquadmath-support --enable-libsanitizer --enable-lto --enable-threads=posix --enable-target-optspace --enable-plugin --enable-gold --disable-nls --disable-bootstrap --disable-multilib --enable-long-long --with-sysroot=/home/conda/feedstock_root/build_artifacts/gcc_compilers_1715013812730/_h_env_placehold_placehold_placehold_placehold_placehold_placehold_placehold_placehold_placehold_placehold_placehold_placehold_placehold_placehold_placehold_placehold_placehold_placeho/x86_64-conda-linux-gnu/sysroot --with-build-sysroot=/home/conda/feedstock_root/build_artifacts/gcc_compilers_1715013812730/_h_env_placehold_placehold_placehold_placehold_placehold_placehold_placehold_placehold_placehold_placehold_placehold_placehold_placehold_placehold_placehold_placehold_placehold_placeho/x86_64-conda-linux-gnu/sysroot --with-gxx-include-dir=/home/conda/feedstock_root/build_artifacts/gcc_compilers_1715013812730/_h_env_placehold_placehold_placehold_placehold_placehold_placehold_placehold_placehold_placehold_placehold_placehold_placehold_placehold_placehold_placehold_placehold_placehold_placeho/x86_64-conda-linux-gnu/include/c++/12.3.0 --with-pkgversion='conda-forge gcc 12.3.0-7' --with-bugurl=https://github.com/conda-forge/ctng-compilers-feedstock/issues/new/choose]
  ignore line: [Thread model: posix]
  ignore line: [Supported LTO compression algorithms: zlib]
  ignore line: [gcc version 12.3.0 (conda-forge gcc 12.3.0-7) ]
  ignore line: [COLLECT_GCC_OPTIONS='-v' '-o' 'CMakeFiles/cmTC_14f8c.dir/CMakeCXXCompilerABI.cpp.o' '-c' '-shared-libgcc' '-mtune=generic' '-march=x86-64' '-dumpdir' 'CMakeFiles/cmTC_14f8c.dir/']
  ignore line: [ /l/javeser/micromamba/bin/../libexec/gcc/x86_64-conda-linux-gnu/12.3.0/cc1plus -quiet -v -iprefix /l/javeser/micromamba/bin/../lib/gcc/x86_64-conda-linux-gnu/12.3.0/ -isysroot /l/javeser/micromamba/bin/../x86_64-conda-linux-gnu/sysroot -D_GNU_SOURCE /cvmfs/lhcb.cern.ch/lib/var/lib/LbEnv/3149/stable/linux-64/share/cmake-3.19/Modules/CMakeCXXCompilerABI.cpp -quiet -dumpdir CMakeFiles/cmTC_14f8c.dir/ -dumpbase CMakeCXXCompilerABI.cpp.cpp -dumpbase-ext .cpp -mtune=generic -march=x86-64 -version -o /tmp/javeser/cc4DGmSB.s]
  ignore line: [GNU C++17 (conda-forge gcc 12.3.0-7) version 12.3.0 (x86_64-conda-linux-gnu)]
  ignore line: [	compiled by GNU C version 13.2.0  GMP version 6.2.1  MPFR version 4.1.0  MPC version 1.2.1  isl version isl-0.24-GMP]
  ignore line: []
  ignore line: [GGC heuristics: --param ggc-min-expand=100 --param ggc-min-heapsize=131072]
  ignore line: [ignoring duplicate directory "/l/javeser/micromamba/bin/../lib/gcc/../../lib/gcc/x86_64-conda-linux-gnu/12.3.0/include"]
  ignore line: [ignoring nonexistent directory "/l/javeser/micromamba/bin/../x86_64-conda-linux-gnu/sysroot/usr/local/include"]
  ignore line: [ignoring duplicate directory "/l/javeser/micromamba/bin/../lib/gcc/../../lib/gcc/x86_64-conda-linux-gnu/12.3.0/include-fixed"]
  ignore line: [ignoring duplicate directory "/l/javeser/micromamba/bin/../lib/gcc/../../lib/gcc/x86_64-conda-linux-gnu/12.3.0/../../../../x86_64-conda-linux-gnu/include"]
  ignore line: [#include "..." search starts here:]
  ignore line: [#include <...> search starts here:]
  ignore line: [ /l/javeser/micromamba/bin/../lib/gcc/x86_64-conda-linux-gnu/12.3.0/include]
  ignore line: [ /l/javeser/micromamba/bin/../lib/gcc/x86_64-conda-linux-gnu/12.3.0/include-fixed]
  ignore line: [ /l/javeser/micromamba/bin/../lib/gcc/x86_64-conda-linux-gnu/12.3.0/../../../../x86_64-conda-linux-gnu/include]
  ignore line: [ /l/javeser/micromamba/bin/../lib/gcc/../../x86_64-conda-linux-gnu/include/c++/12.3.0]
  ignore line: [ /l/javeser/micromamba/bin/../lib/gcc/../../x86_64-conda-linux-gnu/include/c++/12.3.0/x86_64-conda-linux-gnu]
  ignore line: [ /l/javeser/micromamba/bin/../lib/gcc/../../x86_64-conda-linux-gnu/include/c++/12.3.0/backward]
  ignore line: [ /l/javeser/micromamba/bin/../x86_64-conda-linux-gnu/sysroot/usr/include]
  ignore line: [End of search list.]
  ignore line: [GNU C++17 (conda-forge gcc 12.3.0-7) version 12.3.0 (x86_64-conda-linux-gnu)]
  ignore line: [	compiled by GNU C version 13.2.0  GMP version 6.2.1  MPFR version 4.1.0  MPC version 1.2.1  isl version isl-0.24-GMP]
  ignore line: []
  ignore line: [GGC heuristics: --param ggc-min-expand=100 --param ggc-min-heapsize=131072]
  ignore line: [Compiler executable checksum: 5e225246064ad1966efe9c4a3399914e]
  ignore line: [COLLECT_GCC_OPTIONS='-v' '-o' 'CMakeFiles/cmTC_14f8c.dir/CMakeCXXCompilerABI.cpp.o' '-c' '-shared-libgcc' '-mtune=generic' '-march=x86-64' '-dumpdir' 'CMakeFiles/cmTC_14f8c.dir/']
  ignore line: [ /l/javeser/micromamba/bin/../lib/gcc/x86_64-conda-linux-gnu/12.3.0/../../../../x86_64-conda-linux-gnu/bin/as -v --64 -o CMakeFiles/cmTC_14f8c.dir/CMakeCXXCompilerABI.cpp.o /tmp/javeser/cc4DGmSB.s]
  ignore line: [GNU assembler version 2.40 (x86_64-conda-linux-gnu) using BFD version (GNU Binutils) 2.40]
  ignore line: [COMPILER_PATH=/l/javeser/micromamba/bin/../libexec/gcc/x86_64-conda-linux-gnu/12.3.0/:/l/javeser/micromamba/bin/../libexec/gcc/:/l/javeser/micromamba/bin/../lib/gcc/x86_64-conda-linux-gnu/12.3.0/../../../../x86_64-conda-linux-gnu/bin/]
  ignore line: [LIBRARY_PATH=/l/javeser/micromamba/bin/../lib/gcc/x86_64-conda-linux-gnu/12.3.0/:/l/javeser/micromamba/bin/../lib/gcc/:/l/javeser/micromamba/bin/../lib/gcc/x86_64-conda-linux-gnu/12.3.0/../../../../x86_64-conda-linux-gnu/lib/../lib/:/l/javeser/micromamba/bin/../lib/gcc/x86_64-conda-linux-gnu/12.3.0/../../../../lib/:/l/javeser/micromamba/bin/../x86_64-conda-linux-gnu/sysroot/lib/../lib/:/l/javeser/micromamba/bin/../x86_64-conda-linux-gnu/sysroot/usr/lib/../lib/:/l/javeser/micromamba/bin/../lib/gcc/x86_64-conda-linux-gnu/12.3.0/../../../../x86_64-conda-linux-gnu/lib/:/l/javeser/micromamba/bin/../lib/gcc/x86_64-conda-linux-gnu/12.3.0/../../../:/l/javeser/micromamba/bin/../x86_64-conda-linux-gnu/sysroot/lib/:/l/javeser/micromamba/bin/../x86_64-conda-linux-gnu/sysroot/usr/lib/]
  ignore line: [COLLECT_GCC_OPTIONS='-v' '-o' 'CMakeFiles/cmTC_14f8c.dir/CMakeCXXCompilerABI.cpp.o' '-c' '-shared-libgcc' '-mtune=generic' '-march=x86-64' '-dumpdir' 'CMakeFiles/cmTC_14f8c.dir/CMakeCXXCompilerABI.cpp.']
  ignore line: [[2/2] Linking CXX executable cmTC_14f8c]
  ignore line: [Reading specs from /l/javeser/micromamba/bin/../lib/gcc/x86_64-conda-linux-gnu/12.3.0/specs]
  ignore line: [could not find specs file conda.specs]
  ignore line: [COLLECT_GCC=/l/javeser/micromamba/bin/x86_64-conda-linux-gnu-c++]
  ignore line: [COLLECT_LTO_WRAPPER=/l/javeser/micromamba/bin/../libexec/gcc/x86_64-conda-linux-gnu/12.3.0/lto-wrapper]
  ignore line: [Target: x86_64-conda-linux-gnu]
  ignore line: [Configured with: ../configure --prefix=/home/conda/feedstock_root/build_artifacts/gcc_compilers_1715013812730/_h_env_placehold_placehold_placehold_placehold_placehold_placehold_placehold_placehold_placehold_placehold_placehold_placehold_placehold_placehold_placehold_placehold_placehold_placeho --with-slibdir=/home/conda/feedstock_root/build_artifacts/gcc_compilers_1715013812730/_h_env_placehold_placehold_placehold_placehold_placehold_placehold_placehold_placehold_placehold_placehold_placehold_placehold_placehold_placehold_placehold_placehold_placehold_placeho/lib --libdir=/home/conda/feedstock_root/build_artifacts/gcc_compilers_1715013812730/_h_env_placehold_placehold_placehold_placehold_placehold_placehold_placehold_placehold_placehold_placehold_placehold_placehold_placehold_placehold_placehold_placehold_placehold_placeho/lib --mandir=/home/conda/feedstock_root/build_artifacts/gcc_compilers_1715013812730/_h_env_placehold_placehold_placehold_placehold_placehold_placehold_placehold_placehold_placehold_placehold_placehold_placehold_placehold_placehold_placehold_placehold_placehold_placeho/man --build=x86_64-conda-linux-gnu --host=x86_64-conda-linux-gnu --target=x86_64-conda-linux-gnu --enable-default-pie --enable-languages=c c++ fortran objc obj-c++ --enable-__cxa_atexit --disable-libmudflap --enable-libgomp --disable-libssp --enable-libquadmath --enable-libquadmath-support --enable-libsanitizer --enable-lto --enable-threads=posix --enable-target-optspace --enable-plugin --enable-gold --disable-nls --disable-bootstrap --disable-multilib --enable-long-long --with-sysroot=/home/conda/feedstock_root/build_artifacts/gcc_compilers_1715013812730/_h_env_placehold_placehold_placehold_placehold_placehold_placehold_placehold_placehold_placehold_placehold_placehold_placehold_placehold_placehold_placehold_placehold_placehold_placeho/x86_64-conda-linux-gnu/sysroot --with-build-sysroot=/home/conda/feedstock_root/build_artifacts/gcc_compilers_1715013812730/_h_env_placehold_placehold_placehold_placehold_placehold_placehold_placehold_placehold_placehold_placehold_placehold_placehold_placehold_placehold_placehold_placehold_placehold_placeho/x86_64-conda-linux-gnu/sysroot --with-gxx-include-dir=/home/conda/feedstock_root/build_artifacts/gcc_compilers_1715013812730/_h_env_placehold_placehold_placehold_placehold_placehold_placehold_placehold_placehold_placehold_placehold_placehold_placehold_placehold_placehold_placehold_placehold_placehold_placeho/x86_64-conda-linux-gnu/include/c++/12.3.0 --with-pkgversion='conda-forge gcc 12.3.0-7' --with-bugurl=https://github.com/conda-forge/ctng-compilers-feedstock/issues/new/choose]
  ignore line: [Thread model: posix]
  ignore line: [Supported LTO compression algorithms: zlib]
  ignore line: [gcc version 12.3.0 (conda-forge gcc 12.3.0-7) ]
  ignore line: [COMPILER_PATH=/l/javeser/micromamba/bin/../libexec/gcc/x86_64-conda-linux-gnu/12.3.0/:/l/javeser/micromamba/bin/../libexec/gcc/:/l/javeser/micromamba/bin/../lib/gcc/x86_64-conda-linux-gnu/12.3.0/../../../../x86_64-conda-linux-gnu/bin/]
  ignore line: [LIBRARY_PATH=/l/javeser/micromamba/bin/../lib/gcc/x86_64-conda-linux-gnu/12.3.0/:/l/javeser/micromamba/bin/../lib/gcc/:/l/javeser/micromamba/bin/../lib/gcc/x86_64-conda-linux-gnu/12.3.0/../../../../x86_64-conda-linux-gnu/lib/../lib/:/l/javeser/micromamba/bin/../lib/gcc/x86_64-conda-linux-gnu/12.3.0/../../../../lib/:/l/javeser/micromamba/bin/../x86_64-conda-linux-gnu/sysroot/lib/../lib/:/l/javeser/micromamba/bin/../x86_64-conda-linux-gnu/sysroot/usr/lib/../lib/:/l/javeser/micromamba/bin/../lib/gcc/x86_64-conda-linux-gnu/12.3.0/../../../../x86_64-conda-linux-gnu/lib/:/l/javeser/micromamba/bin/../lib/gcc/x86_64-conda-linux-gnu/12.3.0/../../../:/l/javeser/micromamba/bin/../x86_64-conda-linux-gnu/sysroot/lib/:/l/javeser/micromamba/bin/../x86_64-conda-linux-gnu/sysroot/usr/lib/]
  ignore line: [COLLECT_GCC_OPTIONS='-L/l/javeser/micromamba/lib' '-v' '-o' 'cmTC_14f8c' '-shared-libgcc' '-mtune=generic' '-march=x86-64' '-dumpdir' 'cmTC_14f8c.']
  link line: [ /l/javeser/micromamba/bin/../libexec/gcc/x86_64-conda-linux-gnu/12.3.0/collect2 -plugin /l/javeser/micromamba/bin/../libexec/gcc/x86_64-conda-linux-gnu/12.3.0/liblto_plugin.so -plugin-opt=/l/javeser/micromamba/bin/../libexec/gcc/x86_64-conda-linux-gnu/12.3.0/lto-wrapper -plugin-opt=-fresolution=/tmp/javeser/cc0lj2yE.res -plugin-opt=-pass-through=-lgcc_s -plugin-opt=-pass-through=-lgcc -plugin-opt=-pass-through=-lc -plugin-opt=-pass-through=-lgcc_s -plugin-opt=-pass-through=-lgcc --sysroot=/l/javeser/micromamba/bin/../x86_64-conda-linux-gnu/sysroot --eh-frame-hdr -m elf_x86_64 -dynamic-linker /lib64/ld-linux-x86-64.so.2 -pie -o cmTC_14f8c /l/javeser/micromamba/bin/../x86_64-conda-linux-gnu/sysroot/usr/lib/../lib/Scrt1.o /l/javeser/micromamba/bin/../x86_64-conda-linux-gnu/sysroot/usr/lib/../lib/crti.o /l/javeser/micromamba/bin/../lib/gcc/x86_64-conda-linux-gnu/12.3.0/crtbeginS.o -L/l/javeser/micromamba/lib -L/l/javeser/micromamba/bin/../lib/gcc/x86_64-conda-linux-gnu/12.3.0 -L/l/javeser/micromamba/bin/../lib/gcc -L/l/javeser/micromamba/bin/../lib/gcc/x86_64-conda-linux-gnu/12.3.0/../../../../x86_64-conda-linux-gnu/lib/../lib -L/l/javeser/micromamba/bin/../lib/gcc/x86_64-conda-linux-gnu/12.3.0/../../../../lib -L/l/javeser/micromamba/bin/../x86_64-conda-linux-gnu/sysroot/lib/../lib -L/l/javeser/micromamba/bin/../x86_64-conda-linux-gnu/sysroot/usr/lib/../lib -L/l/javeser/micromamba/bin/../lib/gcc/x86_64-conda-linux-gnu/12.3.0/../../../../x86_64-conda-linux-gnu/lib -L/l/javeser/micromamba/bin/../lib/gcc/x86_64-conda-linux-gnu/12.3.0/../../.. -L/l/javeser/micromamba/bin/../x86_64-conda-linux-gnu/sysroot/lib -L/l/javeser/micromamba/bin/../x86_64-conda-linux-gnu/sysroot/usr/lib -O2 --sort-common --as-needed -z relro -z now --disable-new-dtags --gc-sections --allow-shlib-undefined -rpath /l/javeser/micromamba/lib -rpath-link /l/javeser/micromamba/lib CMakeFiles/cmTC_14f8c.dir/CMakeCXXCompilerABI.cpp.o -lstdc++ -lm -lgcc_s -lgcc -lc -lgcc_s -lgcc /l/javeser/micromamba/bin/../lib/gcc/x86_64-conda-linux-gnu/12.3.0/crtendS.o /l/javeser/micromamba/bin/../x86_64-conda-linux-gnu/sysroot/usr/lib/../lib/crtn.o -rpath /l/javeser/micromamba/lib]
    arg [/l/javeser/micromamba/bin/../libexec/gcc/x86_64-conda-linux-gnu/12.3.0/collect2] ==> ignore
    arg [-plugin] ==> ignore
    arg [/l/javeser/micromamba/bin/../libexec/gcc/x86_64-conda-linux-gnu/12.3.0/liblto_plugin.so] ==> ignore
    arg [-plugin-opt=/l/javeser/micromamba/bin/../libexec/gcc/x86_64-conda-linux-gnu/12.3.0/lto-wrapper] ==> ignore
    arg [-plugin-opt=-fresolution=/tmp/javeser/cc0lj2yE.res] ==> ignore
    arg [-plugin-opt=-pass-through=-lgcc_s] ==> ignore
    arg [-plugin-opt=-pass-through=-lgcc] ==> ignore
    arg [-plugin-opt=-pass-through=-lc] ==> ignore
    arg [-plugin-opt=-pass-through=-lgcc_s] ==> ignore
    arg [-plugin-opt=-pass-through=-lgcc] ==> ignore
    arg [--sysroot=/l/javeser/micromamba/bin/../x86_64-conda-linux-gnu/sysroot] ==> ignore
    arg [--eh-frame-hdr] ==> ignore
    arg [-m] ==> ignore
    arg [elf_x86_64] ==> ignore
    arg [-dynamic-linker] ==> ignore
    arg [/lib64/ld-linux-x86-64.so.2] ==> ignore
    arg [-pie] ==> ignore
    arg [-o] ==> ignore
    arg [cmTC_14f8c] ==> ignore
    arg [/l/javeser/micromamba/bin/../x86_64-conda-linux-gnu/sysroot/usr/lib/../lib/Scrt1.o] ==> ignore
    arg [/l/javeser/micromamba/bin/../x86_64-conda-linux-gnu/sysroot/usr/lib/../lib/crti.o] ==> ignore
    arg [/l/javeser/micromamba/bin/../lib/gcc/x86_64-conda-linux-gnu/12.3.0/crtbeginS.o] ==> ignore
    arg [-L/l/javeser/micromamba/lib] ==> dir [/l/javeser/micromamba/lib]
    arg [-L/l/javeser/micromamba/bin/../lib/gcc/x86_64-conda-linux-gnu/12.3.0] ==> dir [/l/javeser/micromamba/bin/../lib/gcc/x86_64-conda-linux-gnu/12.3.0]
    arg [-L/l/javeser/micromamba/bin/../lib/gcc] ==> dir [/l/javeser/micromamba/bin/../lib/gcc]
    arg [-L/l/javeser/micromamba/bin/../lib/gcc/x86_64-conda-linux-gnu/12.3.0/../../../../x86_64-conda-linux-gnu/lib/../lib] ==> dir [/l/javeser/micromamba/bin/../lib/gcc/x86_64-conda-linux-gnu/12.3.0/../../../../x86_64-conda-linux-gnu/lib/../lib]
    arg [-L/l/javeser/micromamba/bin/../lib/gcc/x86_64-conda-linux-gnu/12.3.0/../../../../lib] ==> dir [/l/javeser/micromamba/bin/../lib/gcc/x86_64-conda-linux-gnu/12.3.0/../../../../lib]
    arg [-L/l/javeser/micromamba/bin/../x86_64-conda-linux-gnu/sysroot/lib/../lib] ==> dir [/l/javeser/micromamba/bin/../x86_64-conda-linux-gnu/sysroot/lib/../lib]
    arg [-L/l/javeser/micromamba/bin/../x86_64-conda-linux-gnu/sysroot/usr/lib/../lib] ==> dir [/l/javeser/micromamba/bin/../x86_64-conda-linux-gnu/sysroot/usr/lib/../lib]
    arg [-L/l/javeser/micromamba/bin/../lib/gcc/x86_64-conda-linux-gnu/12.3.0/../../../../x86_64-conda-linux-gnu/lib] ==> dir [/l/javeser/micromamba/bin/../lib/gcc/x86_64-conda-linux-gnu/12.3.0/../../../../x86_64-conda-linux-gnu/lib]
    arg [-L/l/javeser/micromamba/bin/../lib/gcc/x86_64-conda-linux-gnu/12.3.0/../../..] ==> dir [/l/javeser/micromamba/bin/../lib/gcc/x86_64-conda-linux-gnu/12.3.0/../../..]
    arg [-L/l/javeser/micromamba/bin/../x86_64-conda-linux-gnu/sysroot/lib] ==> dir [/l/javeser/micromamba/bin/../x86_64-conda-linux-gnu/sysroot/lib]
    arg [-L/l/javeser/micromamba/bin/../x86_64-conda-linux-gnu/sysroot/usr/lib] ==> dir [/l/javeser/micromamba/bin/../x86_64-conda-linux-gnu/sysroot/usr/lib]
    arg [-O2] ==> ignore
    arg [--sort-common] ==> ignore
    arg [--as-needed] ==> ignore
    arg [-zrelro] ==> ignore
    arg [-znow] ==> ignore
    arg [--disable-new-dtags] ==> ignore
    arg [--gc-sections] ==> ignore
    arg [--allow-shlib-undefined] ==> ignore
    arg [-rpath] ==> ignore
    arg [/l/javeser/micromamba/lib] ==> ignore
    arg [-rpath-link] ==> ignore
    arg [/l/javeser/micromamba/lib] ==> ignore
    arg [CMakeFiles/cmTC_14f8c.dir/CMakeCXXCompilerABI.cpp.o] ==> ignore
    arg [-lstdc++] ==> lib [stdc++]
    arg [-lm] ==> lib [m]
    arg [-lgcc_s] ==> lib [gcc_s]
    arg [-lgcc] ==> lib [gcc]
    arg [-lc] ==> lib [c]
    arg [-lgcc_s] ==> lib [gcc_s]
    arg [-lgcc] ==> lib [gcc]
    arg [/l/javeser/micromamba/bin/../lib/gcc/x86_64-conda-linux-gnu/12.3.0/crtendS.o] ==> ignore
    arg [/l/javeser/micromamba/bin/../x86_64-conda-linux-gnu/sysroot/usr/lib/../lib/crtn.o] ==> ignore
    arg [-rpath] ==> ignore
    arg [/l/javeser/micromamba/lib] ==> ignore
  collapse library dir [/l/javeser/micromamba/lib] ==> [/l/javeser/micromamba/lib]
  collapse library dir [/l/javeser/micromamba/bin/../lib/gcc/x86_64-conda-linux-gnu/12.3.0] ==> [/l/javeser/micromamba/lib/gcc/x86_64-conda-linux-gnu/12.3.0]
  collapse library dir [/l/javeser/micromamba/bin/../lib/gcc] ==> [/l/javeser/micromamba/lib/gcc]
  collapse library dir [/l/javeser/micromamba/bin/../lib/gcc/x86_64-conda-linux-gnu/12.3.0/../../../../x86_64-conda-linux-gnu/lib/../lib] ==> [/l/javeser/micromamba/x86_64-conda-linux-gnu/lib]
  collapse library dir [/l/javeser/micromamba/bin/../lib/gcc/x86_64-conda-linux-gnu/12.3.0/../../../../lib] ==> [/l/javeser/micromamba/lib]
  collapse library dir [/l/javeser/micromamba/bin/../x86_64-conda-linux-gnu/sysroot/lib/../lib] ==> [/l/javeser/micromamba/x86_64-conda-linux-gnu/sysroot/lib]
  collapse library dir [/l/javeser/micromamba/bin/../x86_64-conda-linux-gnu/sysroot/usr/lib/../lib] ==> [/l/javeser/micromamba/x86_64-conda-linux-gnu/sysroot/usr/lib]
  collapse library dir [/l/javeser/micromamba/bin/../lib/gcc/x86_64-conda-linux-gnu/12.3.0/../../../../x86_64-conda-linux-gnu/lib] ==> [/l/javeser/micromamba/x86_64-conda-linux-gnu/lib]
  collapse library dir [/l/javeser/micromamba/bin/../lib/gcc/x86_64-conda-linux-gnu/12.3.0/../../..] ==> [/l/javeser/micromamba/lib]
  collapse library dir [/l/javeser/micromamba/bin/../x86_64-conda-linux-gnu/sysroot/lib] ==> [/l/javeser/micromamba/x86_64-conda-linux-gnu/sysroot/lib]
  collapse library dir [/l/javeser/micromamba/bin/../x86_64-conda-linux-gnu/sysroot/usr/lib] ==> [/l/javeser/micromamba/x86_64-conda-linux-gnu/sysroot/usr/lib]
  implicit libs: [stdc++;m;gcc_s;gcc;c;gcc_s;gcc]
  implicit dirs: [/l/javeser/micromamba/lib;/l/javeser/micromamba/lib/gcc/x86_64-conda-linux-gnu/12.3.0;/l/javeser/micromamba/lib/gcc;/l/javeser/micromamba/x86_64-conda-linux-gnu/lib;/l/javeser/micromamba/x86_64-conda-linux-gnu/sysroot/lib;/l/javeser/micromamba/x86_64-conda-linux-gnu/sysroot/usr/lib]
  implicit fwks: []


